// Jest Snapshot v1, https://goo.gl/fbAQLP

exports[`ChildCard element should render a card with the child data 1`] = `
<div
  className="ui fluid card"
  onClick={[Function]}
>
  <div
    className="content"
  >
    <div
      className="content"
    >
      <div
        className="header"
        id="header"
      >
        <h2
          className="ui header"
        >
          Gyerek
        </h2>
      </div>
    </div>
    <div
      className="description"
    >
      <div
        className="ui list"
        role="list"
      >
        <div
          className="item"
          onClick={[Function]}
          role="listitem"
        >
          <form
            className="ui form"
            onSubmit={[Function]}
          >
            <div
              className="inline field"
            >
              <b>
                Place of birth
                :
              </b>
               
              Krahorandia
            </div>
          </form>
        </div>
        <div
          className="item"
          onClick={[Function]}
          role="listitem"
        >
          <form
            className="ui form"
            onSubmit={[Function]}
          >
            <div
              className="inline field"
            >
              <b>
                Date of birth
                :
              </b>
               
              <span
                onBlur={[Function]}
                onClick={[Function]}
                onFocus={[Function]}
                onMouseEnter={[Function]}
                onMouseLeave={[Function]}
              >
                2000.06.06
              </span>
            </div>
          </form>
        </div>
      </div>
    </div>
  </div>
</div>
`;
