// Jest Snapshot v1, https://goo.gl/fbAQLP

exports[`CardPlaceholder element should render a card with placeholder lines in it 1`] = `
<div
  className="ui fluid card"
  onClick={[Function]}
>
  <div
    className="content"
  >
    <div
      className="header"
    >
      <div
        className="ui placeholder"
      >
        <div
          className="header"
        >
          <div
            className="line"
          />
        </div>
      </div>
    </div>
    <div
      className="description"
    >
      <div
        className="ui placeholder"
      >
        <div
          className="line"
        />
        <div
          className="line"
        />
        <div
          className="line"
        />
        <div
          className="line"
        />
        <div
          className="line"
        />
        <div
          className="line"
        />
      </div>
    </div>
  </div>
</div>
`;
